// Jest Snapshot v1, https://goo.gl/fbAQLP

exports[`<App /> <App /> match snapshot 1`] = `
<div>
  <header>
    <h1
      className="ui header undefined"
    >
      Create your cool notes
    </h1>
  </header>
  <main>
    <div>
      <button
        className="ui button secondary"
        onClick={[Function]}
      >
        Access
      </button>
    </div>
  </main>
</div>
`;
